// Jest Snapshot v1, https://goo.gl/fbAQLP

exports[`PageShell Snapshots Renders with default props 1`] = `
<div
  className="css-fvwhtc"
>
  <div
    className="css-yf24bg"
  >
    <div>
      <span>
        Child content
      </span>
    </div>
  </div>
</div>
`;
